// Vitest Snapshot v1, https://vitest.dev/guide/snapshot.html

exports[`ServerItemFieldset.svelt > empty 1`] = `
"<body><div><fieldset aria-label=\\"target list of settings\\" class=\\"s-1zY7IsgIXyl5\\"><div class=\\"row\\"><label class=\\"checkbox\\"><input type=\\"checkbox\\" name=\\"targets\\" value=\\"player\\"> <span></span></label> <div><span slot=\\"label\\" class=\\"s-1zY7IsgIXyl5\\">Playback</span></div></div> <div class=\\"row\\"><div></div> <label class=\\"checkbox\\"><input type=\\"checkbox\\" name=\\"targets\\" value=\\"player.from\\" aria-label=\\"player.from\\"> <span></span></label> <div>From / To:
         ---
        </div></div><!--<SubItemCheckbox>--> <div class=\\"row\\"><div></div> <div><i>unpublished</i></div> <div>Refresh Interval</div></div><!--<SubItemLabel>--> <div class=\\"row\\"><div></div> <div><i>unpublished</i></div> <div>Resolution</div></div><!--<SubItemLabel>--> <div class=\\"row\\"><div></div> <div><i>unpublished</i></div> <div>Repeat</div></div><!--<SubItemLabel>--><!--<ItemCheckbox>--> <div class=\\"row\\"><label class=\\"checkbox\\"><input type=\\"checkbox\\" name=\\"targets\\" value=\\"android\\"> <span></span></label> <div><span slot=\\"label\\" class=\\"s-1zY7IsgIXyl5\\">Android Sensors</span></div></div> <div class=\\"row\\"><div></div> <label class=\\"checkbox\\"><input type=\\"checkbox\\" name=\\"targets\\" value=\\"android.publisher\\" aria-label=\\"android.publisher\\"> <span></span></label> <div>Publisher</div></div><!--<SubItemCheckbox>--> <div class=\\"row\\"><div></div> <div><i>unpublished</i></div> <div>Map</div></div><!--<SubItemLabel>--> <div class=\\"row\\"><div></div> <div><i>unpublished</i></div> <div>LTE Chart</div></div><!--<SubItemLabel>--> <div class=\\"row\\"><div></div> <div><i>unpublished</i></div> <div>Sensors</div></div><!--<SubItemLabel>--><!--<ItemCheckbox>--> <div class=\\"row\\"><label class=\\"checkbox\\"><input type=\\"checkbox\\" name=\\"targets\\" value=\\"image\\"> <span></span></label> <div><span slot=\\"label\\" class=\\"s-1zY7IsgIXyl5\\">Raspberry Pi Camera</span></div></div> <div class=\\"row\\"><div></div> <label class=\\"checkbox\\"><input type=\\"checkbox\\" name=\\"targets\\" value=\\"image.topic\\" aria-label=\\"image.topic\\"> <span></span></label> <div>Topic Name</div></div><!--<SubItemCheckbox>--> <div class=\\"row\\"><div></div> <div><i>unpublished</i></div> <div>Visible</div></div><!--<SubItemLabel>--> <div class=\\"row\\"><div></div> <div><i>unpublished</i></div> <div>Update Method</div></div><!--<SubItemLabel>--><!--<ItemCheckbox>--> <div class=\\"row\\"><label class=\\"checkbox\\"><input type=\\"checkbox\\" name=\\"targets\\" value=\\"perftool\\"> <span></span></label> <div><span slot=\\"label\\" class=\\"s-1zY7IsgIXyl5\\">Perftool</span></div></div> <div class=\\"row\\"><div></div> <label class=\\"checkbox\\"><input type=\\"checkbox\\" name=\\"targets\\" value=\\"perftool.name\\" aria-label=\\"perftool.name\\"> <span></span></label> <div>Perftool Name</div></div><!--<SubItemCheckbox>--> <div class=\\"row\\"><div></div> <div><i>unpublished</i></div> <div>Visible</div></div><!--<SubItemLabel>--><!--<ItemCheckbox>--> <div class=\\"row\\"><label class=\\"checkbox\\"><input type=\\"checkbox\\" name=\\"targets\\" value=\\"layout\\"> <span></span></label> <div><span slot=\\"label\\" class=\\"s-1zY7IsgIXyl5\\">Layout</span></div></div> <div class=\\"row\\"><div></div> <div><i>unpublished</i></div> <div></div></div><!--<SubItemLabel>--><!--<ItemCheckbox>--> <div class=\\"row\\"><label class=\\"checkbox\\"><input type=\\"checkbox\\" name=\\"targets\\" value=\\"chart\\"> <span></span></label> <div><span slot=\\"label\\" class=\\"s-1zY7IsgIXyl5\\">Chart</span></div></div> <div class=\\"row\\"><div></div> <div><i>unpublished</i></div> <div>Line Visible</div></div><!--<SubItemLabel>--> <div class=\\"row\\"><div></div> <div><i>unpublished</i></div> <div>Line Width</div></div><!--<SubItemLabel>--> <div class=\\"row\\"><div></div> <div><i>unpublished</i></div> <div>Point Visible</div></div><!--<SubItemLabel>--> <div class=\\"row\\"><div></div> <div><i>unpublished</i></div> <div>Point Size</div></div><!--<SubItemLabel>--> <div class=\\"row\\"><div></div> <div><i>unpublished</i></div> <div>Minimum Width</div></div><!--<SubItemLabel>--> <div class=\\"row\\"><div></div> <div><i>unpublished</i></div> <div>Minimum Height</div></div><!--<SubItemLabel>--><!--<ItemCheckbox>--></fieldset><!--<ServerItemFieldset>--><!--<ItemContextTest>--></div></body>"
`;

exports[`ServerItemFieldset.svelt > initValues 1`] = `"<body><div><fieldset aria-label=\\"target list of settings\\" class=\\"s-1zY7IsgIXyl5\\"><input type=\\"checkbox\\" name=\\"targets\\" value=\\"player.from\\" class=\\"s-1zY7IsgIXyl5\\"><input type=\\"checkbox\\" name=\\"targets\\" value=\\"android\\" class=\\"s-1zY7IsgIXyl5\\"><input type=\\"checkbox\\" name=\\"targets\\" value=\\"android.publisher\\" class=\\"s-1zY7IsgIXyl5\\"><input type=\\"checkbox\\" name=\\"targets\\" value=\\"image\\" class=\\"s-1zY7IsgIXyl5\\"><input type=\\"checkbox\\" name=\\"targets\\" value=\\"image.topic\\" class=\\"s-1zY7IsgIXyl5\\"><input type=\\"checkbox\\" name=\\"targets\\" value=\\"perftool\\" class=\\"s-1zY7IsgIXyl5\\"><input type=\\"checkbox\\" name=\\"targets\\" value=\\"perftool.name\\" class=\\"s-1zY7IsgIXyl5\\"></fieldset><!--<ServerItemFieldset>--><!--<ItemContextTest>--></div></body>"`;

exports[`ServerItemFieldset.svelt > setting 1`] = `
"<body><div><fieldset aria-label=\\"target list of settings\\" class=\\"s-1zY7IsgIXyl5\\"><div class=\\"row\\"><label class=\\"checkbox\\"><input type=\\"checkbox\\" name=\\"targets\\" value=\\"player\\"> <span></span></label> <div><span slot=\\"label\\" class=\\"s-1zY7IsgIXyl5\\">Playback</span></div></div> <div class=\\"row\\"><div></div> <label class=\\"checkbox\\"><input type=\\"checkbox\\" name=\\"targets\\" value=\\"player.from\\" aria-label=\\"player.from\\"> <span></span></label> <div>From / To:
        \\"2023-02-01 00:00\\" ---
        \\"2023-02-03 14:30\\"</div></div><!--<SubItemCheckbox>--> <div class=\\"row\\"><div></div> <div><i>unpublished</i></div> <div>Refresh Interval: 1200</div></div><!--<SubItemLabel>--> <div class=\\"row\\"><div></div> <div><i>unpublished</i></div> <div>Resolution: 10</div></div><!--<SubItemLabel>--> <div class=\\"row\\"><div></div> <div><i>unpublished</i></div> <div>Repeat: false</div></div><!--<SubItemLabel>--><!--<ItemCheckbox>--> <div class=\\"row\\"><label class=\\"checkbox\\"><input type=\\"checkbox\\" name=\\"targets\\" value=\\"android\\"> <span></span></label> <div><span slot=\\"label\\" class=\\"s-1zY7IsgIXyl5\\">Android Sensors</span></div></div> <div class=\\"row\\"><div></div> <label class=\\"checkbox\\"><input type=\\"checkbox\\" name=\\"targets\\" value=\\"android.publisher\\" aria-label=\\"android.publisher\\"> <span></span></label> <div>Publisher: \\"pub-1\\"</div></div><!--<SubItemCheckbox>--> <div class=\\"row\\"><div></div> <div><i>unpublished</i></div> <div>Map: true</div></div><!--<SubItemLabel>--> <div class=\\"row\\"><div></div> <div><i>unpublished</i></div> <div>LTE Chart: true</div></div><!--<SubItemLabel>--> <div class=\\"row\\"><div></div> <div><i>unpublished</i></div> <div>Sensors: []</div></div><!--<SubItemLabel>--><!--<ItemCheckbox>--> <div class=\\"row\\"><label class=\\"checkbox\\"><input type=\\"checkbox\\" name=\\"targets\\" value=\\"image\\"> <span></span></label> <div><span slot=\\"label\\" class=\\"s-1zY7IsgIXyl5\\">Raspberry Pi Camera</span></div></div> <div class=\\"row\\"><div></div> <label class=\\"checkbox\\"><input type=\\"checkbox\\" name=\\"targets\\" value=\\"image.topic\\" aria-label=\\"image.topic\\"> <span></span></label> <div>Topic Name: \\"topic-1\\"</div></div><!--<SubItemCheckbox>--> <div class=\\"row\\"><div></div> <div><i>unpublished</i></div> <div>Visible: true</div></div><!--<SubItemLabel>--> <div class=\\"row\\"><div></div> <div><i>unpublished</i></div> <div>Update Method: \\"push\\"</div></div><!--<SubItemLabel>--><!--<ItemCheckbox>--> <div class=\\"row\\"><label class=\\"checkbox\\"><input type=\\"checkbox\\" name=\\"targets\\" value=\\"perftool\\"> <span></span></label> <div><span slot=\\"label\\" class=\\"s-1zY7IsgIXyl5\\">Perftool</span></div></div> <div class=\\"row\\"><div></div> <label class=\\"checkbox\\"><input type=\\"checkbox\\" name=\\"targets\\" value=\\"perftool.name\\" aria-label=\\"perftool.name\\"> <span></span></label> <div>Perftool Name: \\"perf-1\\"</div></div><!--<SubItemCheckbox>--> <div class=\\"row\\"><div></div> <div><i>unpublished</i></div> <div>Visible: true</div></div><!--<SubItemLabel>--><!--<ItemCheckbox>--> <div class=\\"row\\"><label class=\\"checkbox\\"><input type=\\"checkbox\\" name=\\"targets\\" value=\\"layout\\"> <span></span></label> <div><span slot=\\"label\\" class=\\"s-1zY7IsgIXyl5\\">Layout</span></div></div> <div class=\\"row\\"><div></div> <div><i>unpublished</i></div> <div><span><table border=\\"1\\"><tr><td><i>map</i></td> <td><i>image</i></td></tr> <tr><td colspan=\\"2\\" style=\\"text-align: center;\\"><i>show_chart</i></td></tr></table></span><!--<HorizontalLayoutIcon>--></div></div><!--<SubItemLabel>--><!--<ItemCheckbox>--> <div class=\\"row\\"><label class=\\"checkbox\\"><input type=\\"checkbox\\" name=\\"targets\\" value=\\"chart\\"> <span></span></label> <div><span slot=\\"label\\" class=\\"s-1zY7IsgIXyl5\\">Chart</span></div></div> <div class=\\"row\\"><div></div> <div><i>unpublished</i></div> <div>Line Visible: true</div></div><!--<SubItemLabel>--> <div class=\\"row\\"><div></div> <div><i>unpublished</i></div> <div>Line Width: 3</div></div><!--<SubItemLabel>--> <div class=\\"row\\"><div></div> <div><i>unpublished</i></div> <div>Point Visible: true</div></div><!--<SubItemLabel>--> <div class=\\"row\\"><div></div> <div><i>unpublished</i></div> <div>Point Size: 3</div></div><!--<SubItemLabel>--> <div class=\\"row\\"><div></div> <div><i>unpublished</i></div> <div>Minimum Width: 300</div></div><!--<SubItemLabel>--> <div class=\\"row\\"><div></div> <div><i>unpublished</i></div> <div>Minimum Height: 200</div></div><!--<SubItemLabel>--><!--<ItemCheckbox>--></fieldset><!--<ServerItemFieldset>--><!--<ItemContextTest>--></div></body>"
`;
