// Vitest Snapshot v1, https://vitest.dev/guide/snapshot.html

exports[`UploadSettingForm.svelt > mount 1`] = `
"<div style=\\"display: none;\\"></div> <div class=\\"field label\\"><input type=\\"text\\" name=\\"name\\" id=\\"setting-name\\"> <label for=\\"setting-name\\">name</label> </div><!--<UploadNameInput>--><!--<ValidationMessage>--> <div style=\\"display: none;\\"></div> <div class=\\"field label s-SP6a6zB3FASK\\"><input type=\\"text\\" name=\\"comment\\" id=\\"setting-comment\\" class=\\"s-SP6a6zB3FASK\\"> <label for=\\"setting-comment\\" class=\\"s-SP6a6zB3FASK\\">comment</label> <span class=\\"error s-SP6a6zB3FASK\\"></span></div><!--<ValidationMessage>--> <article class=\\"setting-fieldset scroll s-SP6a6zB3FASK\\"><fieldset aria-label=\\"target list of settings\\" class=\\"s-1zY7IsgIXyl5\\"><div class=\\"row\\"><label class=\\"checkbox\\"><input type=\\"checkbox\\" name=\\"targets\\" value=\\"player\\"> <span></span></label> <div><span slot=\\"label\\" class=\\"s-1zY7IsgIXyl5\\">Playback</span></div></div> <div class=\\"row\\"><div></div> <label class=\\"checkbox\\"><input type=\\"checkbox\\" name=\\"targets\\" value=\\"player.from\\" aria-label=\\"player.from\\"> <span></span></label> <div>From / To:
        \\"2023-02-01 00:00\\" ---
        \\"2023-02-03 14:30\\"</div></div><!--<SubItemCheckbox>--> <div class=\\"row\\"><div></div> <div><i>unpublished</i></div> <div>Refresh Interval: 1200</div></div><!--<SubItemLabel>--> <div class=\\"row\\"><div></div> <div><i>unpublished</i></div> <div>Resolution: 10</div></div><!--<SubItemLabel>--> <div class=\\"row\\"><div></div> <div><i>unpublished</i></div> <div>Repeat: false</div></div><!--<SubItemLabel>--><!--<ItemCheckbox>--> <div class=\\"row\\"><label class=\\"checkbox\\"><input type=\\"checkbox\\" name=\\"targets\\" value=\\"android\\"> <span></span></label> <div><span slot=\\"label\\" class=\\"s-1zY7IsgIXyl5\\">Android Sensors</span></div></div> <div class=\\"row\\"><div></div> <label class=\\"checkbox\\"><input type=\\"checkbox\\" name=\\"targets\\" value=\\"android.publisher\\" disabled=\\"\\" aria-label=\\"android.publisher\\"> <span></span></label> <div>Publisher: \\"pub-1\\"</div></div><!--<SubItemCheckbox>--> <div class=\\"row\\"><div></div> <div><i>check_circle</i></div> <div>Map: true</div></div><!--<SubItemLabel>--> <div class=\\"row\\"><div></div> <div><i>check_circle</i></div> <div>LTE Chart: true</div></div><!--<SubItemLabel>--> <div class=\\"row\\"><div></div> <div><i>check_circle</i></div> <div>Sensors: []</div></div><!--<SubItemLabel>--><!--<ItemCheckbox>--> <div class=\\"row\\"><label class=\\"checkbox\\"><input type=\\"checkbox\\" name=\\"targets\\" value=\\"image\\"> <span></span></label> <div><span slot=\\"label\\" class=\\"s-1zY7IsgIXyl5\\">Raspberry Pi Camera</span></div></div> <div class=\\"row\\"><div></div> <label class=\\"checkbox\\"><input type=\\"checkbox\\" name=\\"targets\\" value=\\"image.topic\\" disabled=\\"\\" aria-label=\\"image.topic\\"> <span></span></label> <div>Topic Name: \\"topic-1\\"</div></div><!--<SubItemCheckbox>--> <div class=\\"row\\"><div></div> <div><i>check_circle</i></div> <div>Visible: true</div></div><!--<SubItemLabel>--> <div class=\\"row\\"><div></div> <div><i>check_circle</i></div> <div>Update Method: \\"push\\"</div></div><!--<SubItemLabel>--><!--<ItemCheckbox>--> <div class=\\"row\\"><label class=\\"checkbox\\"><input type=\\"checkbox\\" name=\\"targets\\" value=\\"perftool\\"> <span></span></label> <div><span slot=\\"label\\" class=\\"s-1zY7IsgIXyl5\\">Perftool</span></div></div> <div class=\\"row\\"><div></div> <label class=\\"checkbox\\"><input type=\\"checkbox\\" name=\\"targets\\" value=\\"perftool.name\\" disabled=\\"\\" aria-label=\\"perftool.name\\"> <span></span></label> <div>Perftool Name: \\"perf-1\\"</div></div><!--<SubItemCheckbox>--> <div class=\\"row\\"><div></div> <div><i>check_circle</i></div> <div>Visible: true</div></div><!--<SubItemLabel>--><!--<ItemCheckbox>--> <div class=\\"row\\"><label class=\\"checkbox\\"><input type=\\"checkbox\\" name=\\"targets\\" value=\\"layout\\"> <span></span></label> <div><span slot=\\"label\\" class=\\"s-1zY7IsgIXyl5\\">Layout</span></div></div> <div class=\\"row\\"><div></div> <div><i>unpublished</i></div> <div><span><table border=\\"1\\"><tr><td><i>map</i></td> <td><i>image</i></td></tr> <tr><td colspan=\\"2\\" style=\\"text-align: center;\\"><i>show_chart</i></td></tr></table></span><!--<HorizontalLayoutIcon>--></div></div><!--<SubItemLabel>--><!--<ItemCheckbox>--> <div class=\\"row\\"><label class=\\"checkbox\\"><input type=\\"checkbox\\" name=\\"targets\\" value=\\"chart\\"> <span></span></label> <div><span slot=\\"label\\" class=\\"s-1zY7IsgIXyl5\\">Chart</span></div></div> <div class=\\"row\\"><div></div> <div><i>unpublished</i></div> <div>Line Visible: true</div></div><!--<SubItemLabel>--> <div class=\\"row\\"><div></div> <div><i>unpublished</i></div> <div>Line Width: 3</div></div><!--<SubItemLabel>--> <div class=\\"row\\"><div></div> <div><i>unpublished</i></div> <div>Point Visible: true</div></div><!--<SubItemLabel>--> <div class=\\"row\\"><div></div> <div><i>unpublished</i></div> <div>Point Size: 3</div></div><!--<SubItemLabel>--> <div class=\\"row\\"><div></div> <div><i>unpublished</i></div> <div>Minimum Width: 300</div></div><!--<SubItemLabel>--> <div class=\\"row\\"><div></div> <div><i>unpublished</i></div> <div>Minimum Height: 200</div></div><!--<SubItemLabel>--><!--<ItemCheckbox>--></fieldset><!--<ServerItemFieldset>--></article> <nav class=\\"s-SP6a6zB3FASK\\"><button type=\\"submit\\" class=\\"s-SP6a6zB3FASK\\">Upload</button> <button type=\\"button\\" class=\\"s-SP6a6zB3FASK\\">Cancel</button></nav>"
`;

exports[`UploadSettingForm.svelt > network error > query error 1`] = `
"<div style=\\"display: none;\\"></div> <div class=\\"field label\\"><input type=\\"text\\" name=\\"name\\" id=\\"setting-name\\" disabled=\\"\\"> <label for=\\"setting-name\\">name</label> </div><!--<UploadNameInput>--><!--<ValidationMessage>--> <div style=\\"display: none;\\"></div> <div class=\\"field label s-SP6a6zB3FASK\\"><input type=\\"text\\" name=\\"comment\\" id=\\"setting-comment\\" class=\\"s-SP6a6zB3FASK\\"> <label for=\\"setting-comment\\" class=\\"s-SP6a6zB3FASK\\">comment</label> <span class=\\"error s-SP6a6zB3FASK\\"></span></div><!--<ValidationMessage>--> <article class=\\"setting-fieldset scroll s-SP6a6zB3FASK\\"><fieldset aria-label=\\"target list of settings\\" class=\\"s-1zY7IsgIXyl5\\"><div class=\\"row\\"><label class=\\"checkbox\\"><input type=\\"checkbox\\" name=\\"targets\\" value=\\"player\\"> <span></span></label> <div><span slot=\\"label\\" class=\\"s-1zY7IsgIXyl5\\">Playback</span></div></div> <div class=\\"row\\"><div></div> <label class=\\"checkbox\\"><input type=\\"checkbox\\" name=\\"targets\\" value=\\"player.from\\" aria-label=\\"player.from\\"> <span></span></label> <div>From / To:
        \\"2023-02-01 00:00\\" ---
        \\"2023-02-03 14:30\\"</div></div><!--<SubItemCheckbox>--> <div class=\\"row\\"><div></div> <div><i>unpublished</i></div> <div>Refresh Interval: 1200</div></div><!--<SubItemLabel>--> <div class=\\"row\\"><div></div> <div><i>unpublished</i></div> <div>Resolution: 10</div></div><!--<SubItemLabel>--> <div class=\\"row\\"><div></div> <div><i>unpublished</i></div> <div>Repeat: false</div></div><!--<SubItemLabel>--><!--<ItemCheckbox>--> <div class=\\"row\\"><label class=\\"checkbox\\"><input type=\\"checkbox\\" name=\\"targets\\" value=\\"android\\"> <span></span></label> <div><span slot=\\"label\\" class=\\"s-1zY7IsgIXyl5\\">Android Sensors</span></div></div> <div class=\\"row\\"><div></div> <label class=\\"checkbox\\"><input type=\\"checkbox\\" name=\\"targets\\" value=\\"android.publisher\\" disabled=\\"\\" aria-label=\\"android.publisher\\"> <span></span></label> <div>Publisher: \\"pub-1\\"</div></div><!--<SubItemCheckbox>--> <div class=\\"row\\"><div></div> <div><i>check_circle</i></div> <div>Map: true</div></div><!--<SubItemLabel>--> <div class=\\"row\\"><div></div> <div><i>check_circle</i></div> <div>LTE Chart: true</div></div><!--<SubItemLabel>--> <div class=\\"row\\"><div></div> <div><i>check_circle</i></div> <div>Sensors: []</div></div><!--<SubItemLabel>--><!--<ItemCheckbox>--> <div class=\\"row\\"><label class=\\"checkbox\\"><input type=\\"checkbox\\" name=\\"targets\\" value=\\"image\\"> <span></span></label> <div><span slot=\\"label\\" class=\\"s-1zY7IsgIXyl5\\">Raspberry Pi Camera</span></div></div> <div class=\\"row\\"><div></div> <label class=\\"checkbox\\"><input type=\\"checkbox\\" name=\\"targets\\" value=\\"image.topic\\" disabled=\\"\\" aria-label=\\"image.topic\\"> <span></span></label> <div>Topic Name: \\"topic-1\\"</div></div><!--<SubItemCheckbox>--> <div class=\\"row\\"><div></div> <div><i>check_circle</i></div> <div>Visible: true</div></div><!--<SubItemLabel>--> <div class=\\"row\\"><div></div> <div><i>check_circle</i></div> <div>Update Method: \\"push\\"</div></div><!--<SubItemLabel>--><!--<ItemCheckbox>--> <div class=\\"row\\"><label class=\\"checkbox\\"><input type=\\"checkbox\\" name=\\"targets\\" value=\\"perftool\\"> <span></span></label> <div><span slot=\\"label\\" class=\\"s-1zY7IsgIXyl5\\">Perftool</span></div></div> <div class=\\"row\\"><div></div> <label class=\\"checkbox\\"><input type=\\"checkbox\\" name=\\"targets\\" value=\\"perftool.name\\" disabled=\\"\\" aria-label=\\"perftool.name\\"> <span></span></label> <div>Perftool Name: \\"perf-1\\"</div></div><!--<SubItemCheckbox>--> <div class=\\"row\\"><div></div> <div><i>check_circle</i></div> <div>Visible: true</div></div><!--<SubItemLabel>--><!--<ItemCheckbox>--> <div class=\\"row\\"><label class=\\"checkbox\\"><input type=\\"checkbox\\" name=\\"targets\\" value=\\"layout\\"> <span></span></label> <div><span slot=\\"label\\" class=\\"s-1zY7IsgIXyl5\\">Layout</span></div></div> <div class=\\"row\\"><div></div> <div><i>unpublished</i></div> <div><span><table border=\\"1\\"><tr><td><i>map</i></td> <td><i>image</i></td></tr> <tr><td colspan=\\"2\\" style=\\"text-align: center;\\"><i>show_chart</i></td></tr></table></span><!--<HorizontalLayoutIcon>--></div></div><!--<SubItemLabel>--><!--<ItemCheckbox>--> <div class=\\"row\\"><label class=\\"checkbox\\"><input type=\\"checkbox\\" name=\\"targets\\" value=\\"chart\\"> <span></span></label> <div><span slot=\\"label\\" class=\\"s-1zY7IsgIXyl5\\">Chart</span></div></div> <div class=\\"row\\"><div></div> <div><i>unpublished</i></div> <div>Line Visible: true</div></div><!--<SubItemLabel>--> <div class=\\"row\\"><div></div> <div><i>unpublished</i></div> <div>Line Width: 3</div></div><!--<SubItemLabel>--> <div class=\\"row\\"><div></div> <div><i>unpublished</i></div> <div>Point Visible: true</div></div><!--<SubItemLabel>--> <div class=\\"row\\"><div></div> <div><i>unpublished</i></div> <div>Point Size: 3</div></div><!--<SubItemLabel>--> <div class=\\"row\\"><div></div> <div><i>unpublished</i></div> <div>Minimum Width: 300</div></div><!--<SubItemLabel>--> <div class=\\"row\\"><div></div> <div><i>unpublished</i></div> <div>Minimum Height: 200</div></div><!--<SubItemLabel>--><!--<ItemCheckbox>--></fieldset><!--<ServerItemFieldset>--></article> <nav class=\\"s-SP6a6zB3FASK\\"><button type=\\"submit\\" class=\\"s-SP6a6zB3FASK\\" disabled=\\"\\">Upload</button> <button type=\\"button\\" class=\\"s-SP6a6zB3FASK\\">Cancel</button></nav>"
`;

exports[`UploadSettingForm.svelt > upload > update 1`] = `
"<div style=\\"display: none;\\"></div> <div class=\\"field label\\"><input type=\\"text\\" name=\\"name\\" id=\\"setting-name\\"> <label for=\\"setting-name\\">name</label> <span class=\\"helper\\">未登録の名前。新たな設定として登録されます。</span></div><!--<UploadNameInput>--><!--<ValidationMessage>--> <div style=\\"display: none;\\"></div> <div class=\\"field label s-SP6a6zB3FASK\\"><input type=\\"text\\" name=\\"comment\\" id=\\"setting-comment\\" class=\\"s-SP6a6zB3FASK\\"> <label for=\\"setting-comment\\" class=\\"s-SP6a6zB3FASK\\">comment</label> <span class=\\"error s-SP6a6zB3FASK\\"></span></div><!--<ValidationMessage>--> <article class=\\"setting-fieldset scroll s-SP6a6zB3FASK\\"><fieldset aria-label=\\"target list of settings\\" class=\\"s-1zY7IsgIXyl5\\"><div class=\\"row\\"><label class=\\"checkbox\\"><input type=\\"checkbox\\" name=\\"targets\\" value=\\"player\\"> <span></span></label> <div><span slot=\\"label\\" class=\\"s-1zY7IsgIXyl5\\">Playback</span></div></div> <div class=\\"row\\"><div></div> <label class=\\"checkbox\\"><input type=\\"checkbox\\" name=\\"targets\\" value=\\"player.from\\" aria-label=\\"player.from\\"> <span></span></label> <div>From / To:
        \\"2023-02-01 00:00\\" ---
        \\"2023-02-03 14:30\\"</div></div><!--<SubItemCheckbox>--> <div class=\\"row\\"><div></div> <div><i>unpublished</i></div> <div>Refresh Interval: 1200</div></div><!--<SubItemLabel>--> <div class=\\"row\\"><div></div> <div><i>unpublished</i></div> <div>Resolution: 10</div></div><!--<SubItemLabel>--> <div class=\\"row\\"><div></div> <div><i>unpublished</i></div> <div>Repeat: false</div></div><!--<SubItemLabel>--><!--<ItemCheckbox>--> <div class=\\"row\\"><label class=\\"checkbox\\"><input type=\\"checkbox\\" name=\\"targets\\" value=\\"android\\"> <span></span></label> <div><span slot=\\"label\\" class=\\"s-1zY7IsgIXyl5\\">Android Sensors</span></div></div> <div class=\\"row\\"><div></div> <label class=\\"checkbox\\"><input type=\\"checkbox\\" name=\\"targets\\" value=\\"android.publisher\\" disabled=\\"\\" aria-label=\\"android.publisher\\"> <span></span></label> <div>Publisher: \\"pub-1\\"</div></div><!--<SubItemCheckbox>--> <div class=\\"row\\"><div></div> <div><i>check_circle</i></div> <div>Map: true</div></div><!--<SubItemLabel>--> <div class=\\"row\\"><div></div> <div><i>check_circle</i></div> <div>LTE Chart: true</div></div><!--<SubItemLabel>--> <div class=\\"row\\"><div></div> <div><i>check_circle</i></div> <div>Sensors: []</div></div><!--<SubItemLabel>--><!--<ItemCheckbox>--> <div class=\\"row\\"><label class=\\"checkbox\\"><input type=\\"checkbox\\" name=\\"targets\\" value=\\"image\\"> <span></span></label> <div><span slot=\\"label\\" class=\\"s-1zY7IsgIXyl5\\">Raspberry Pi Camera</span></div></div> <div class=\\"row\\"><div></div> <label class=\\"checkbox\\"><input type=\\"checkbox\\" name=\\"targets\\" value=\\"image.topic\\" disabled=\\"\\" aria-label=\\"image.topic\\"> <span></span></label> <div>Topic Name: \\"topic-1\\"</div></div><!--<SubItemCheckbox>--> <div class=\\"row\\"><div></div> <div><i>check_circle</i></div> <div>Visible: true</div></div><!--<SubItemLabel>--> <div class=\\"row\\"><div></div> <div><i>check_circle</i></div> <div>Update Method: \\"push\\"</div></div><!--<SubItemLabel>--><!--<ItemCheckbox>--> <div class=\\"row\\"><label class=\\"checkbox\\"><input type=\\"checkbox\\" name=\\"targets\\" value=\\"perftool\\"> <span></span></label> <div><span slot=\\"label\\" class=\\"s-1zY7IsgIXyl5\\">Perftool</span></div></div> <div class=\\"row\\"><div></div> <label class=\\"checkbox\\"><input type=\\"checkbox\\" name=\\"targets\\" value=\\"perftool.name\\" disabled=\\"\\" aria-label=\\"perftool.name\\"> <span></span></label> <div>Perftool Name: \\"perf-1\\"</div></div><!--<SubItemCheckbox>--> <div class=\\"row\\"><div></div> <div><i>check_circle</i></div> <div>Visible: true</div></div><!--<SubItemLabel>--><!--<ItemCheckbox>--> <div class=\\"row\\"><label class=\\"checkbox\\"><input type=\\"checkbox\\" name=\\"targets\\" value=\\"layout\\"> <span></span></label> <div><span slot=\\"label\\" class=\\"s-1zY7IsgIXyl5\\">Layout</span></div></div> <div class=\\"row\\"><div></div> <div><i>unpublished</i></div> <div><span><table border=\\"1\\"><tr><td><i>map</i></td> <td><i>image</i></td></tr> <tr><td colspan=\\"2\\" style=\\"text-align: center;\\"><i>show_chart</i></td></tr></table></span><!--<HorizontalLayoutIcon>--></div></div><!--<SubItemLabel>--><!--<ItemCheckbox>--> <div class=\\"row\\"><label class=\\"checkbox\\"><input type=\\"checkbox\\" name=\\"targets\\" value=\\"chart\\"> <span></span></label> <div><span slot=\\"label\\" class=\\"s-1zY7IsgIXyl5\\">Chart</span></div></div> <div class=\\"row\\"><div></div> <div><i>unpublished</i></div> <div>Line Visible: true</div></div><!--<SubItemLabel>--> <div class=\\"row\\"><div></div> <div><i>unpublished</i></div> <div>Line Width: 3</div></div><!--<SubItemLabel>--> <div class=\\"row\\"><div></div> <div><i>unpublished</i></div> <div>Point Visible: true</div></div><!--<SubItemLabel>--> <div class=\\"row\\"><div></div> <div><i>unpublished</i></div> <div>Point Size: 3</div></div><!--<SubItemLabel>--> <div class=\\"row\\"><div></div> <div><i>unpublished</i></div> <div>Minimum Width: 300</div></div><!--<SubItemLabel>--> <div class=\\"row\\"><div></div> <div><i>unpublished</i></div> <div>Minimum Height: 200</div></div><!--<SubItemLabel>--><!--<ItemCheckbox>--></fieldset><!--<ServerItemFieldset>--></article> <nav class=\\"s-SP6a6zB3FASK\\"><button type=\\"submit\\" class=\\"s-SP6a6zB3FASK\\">Upload</button> <button type=\\"button\\" class=\\"s-SP6a6zB3FASK\\">Cancel</button></nav>"
`;

exports[`UploadSettingForm.svelt > upload > update 2`] = `
"<div style=\\"display: none;\\"></div> <div class=\\"field label\\"><input type=\\"text\\" name=\\"name\\" id=\\"setting-name\\"> <label for=\\"setting-name\\">name</label> <span class=\\"helper\\">未登録の名前。新たな設定として登録されます。</span></div><!--<UploadNameInput>--><!--<ValidationMessage>--> <div style=\\"display: none;\\"></div> <div class=\\"field label s-SP6a6zB3FASK\\"><input type=\\"text\\" name=\\"comment\\" id=\\"setting-comment\\" class=\\"s-SP6a6zB3FASK\\"> <label for=\\"setting-comment\\" class=\\"s-SP6a6zB3FASK\\">comment</label> <span class=\\"error s-SP6a6zB3FASK\\"></span></div><!--<ValidationMessage>--> <article class=\\"setting-fieldset scroll s-SP6a6zB3FASK\\"><fieldset aria-label=\\"target list of settings\\" class=\\"s-1zY7IsgIXyl5\\"><div class=\\"row\\"><label class=\\"checkbox\\"><input type=\\"checkbox\\" name=\\"targets\\" value=\\"player\\"> <span></span></label> <div><span slot=\\"label\\" class=\\"s-1zY7IsgIXyl5\\">Playback</span></div></div> <div class=\\"row\\"><div></div> <label class=\\"checkbox\\"><input type=\\"checkbox\\" name=\\"targets\\" value=\\"player.from\\" aria-label=\\"player.from\\"> <span></span></label> <div>From / To:
        \\"2023-02-01 00:00\\" ---
        \\"2023-02-03 14:30\\"</div></div><!--<SubItemCheckbox>--> <div class=\\"row\\"><div></div> <div><i>unpublished</i></div> <div>Refresh Interval: 1200</div></div><!--<SubItemLabel>--> <div class=\\"row\\"><div></div> <div><i>unpublished</i></div> <div>Resolution: 10</div></div><!--<SubItemLabel>--> <div class=\\"row\\"><div></div> <div><i>unpublished</i></div> <div>Repeat: false</div></div><!--<SubItemLabel>--><!--<ItemCheckbox>--> <div class=\\"row\\"><label class=\\"checkbox\\"><input type=\\"checkbox\\" name=\\"targets\\" value=\\"android\\"> <span></span></label> <div><span slot=\\"label\\" class=\\"s-1zY7IsgIXyl5\\">Android Sensors</span></div></div> <div class=\\"row\\"><div></div> <label class=\\"checkbox\\"><input type=\\"checkbox\\" name=\\"targets\\" value=\\"android.publisher\\" disabled=\\"\\" aria-label=\\"android.publisher\\"> <span></span></label> <div>Publisher: \\"pub-1\\"</div></div><!--<SubItemCheckbox>--> <div class=\\"row\\"><div></div> <div><i>check_circle</i></div> <div>Map: true</div></div><!--<SubItemLabel>--> <div class=\\"row\\"><div></div> <div><i>check_circle</i></div> <div>LTE Chart: true</div></div><!--<SubItemLabel>--> <div class=\\"row\\"><div></div> <div><i>check_circle</i></div> <div>Sensors: []</div></div><!--<SubItemLabel>--><!--<ItemCheckbox>--> <div class=\\"row\\"><label class=\\"checkbox\\"><input type=\\"checkbox\\" name=\\"targets\\" value=\\"image\\"> <span></span></label> <div><span slot=\\"label\\" class=\\"s-1zY7IsgIXyl5\\">Raspberry Pi Camera</span></div></div> <div class=\\"row\\"><div></div> <label class=\\"checkbox\\"><input type=\\"checkbox\\" name=\\"targets\\" value=\\"image.topic\\" disabled=\\"\\" aria-label=\\"image.topic\\"> <span></span></label> <div>Topic Name: \\"topic-1\\"</div></div><!--<SubItemCheckbox>--> <div class=\\"row\\"><div></div> <div><i>check_circle</i></div> <div>Visible: true</div></div><!--<SubItemLabel>--> <div class=\\"row\\"><div></div> <div><i>check_circle</i></div> <div>Update Method: \\"push\\"</div></div><!--<SubItemLabel>--><!--<ItemCheckbox>--> <div class=\\"row\\"><label class=\\"checkbox\\"><input type=\\"checkbox\\" name=\\"targets\\" value=\\"perftool\\"> <span></span></label> <div><span slot=\\"label\\" class=\\"s-1zY7IsgIXyl5\\">Perftool</span></div></div> <div class=\\"row\\"><div></div> <label class=\\"checkbox\\"><input type=\\"checkbox\\" name=\\"targets\\" value=\\"perftool.name\\" disabled=\\"\\" aria-label=\\"perftool.name\\"> <span></span></label> <div>Perftool Name: \\"perf-1\\"</div></div><!--<SubItemCheckbox>--> <div class=\\"row\\"><div></div> <div><i>check_circle</i></div> <div>Visible: true</div></div><!--<SubItemLabel>--><!--<ItemCheckbox>--> <div class=\\"row\\"><label class=\\"checkbox\\"><input type=\\"checkbox\\" name=\\"targets\\" value=\\"layout\\"> <span></span></label> <div><span slot=\\"label\\" class=\\"s-1zY7IsgIXyl5\\">Layout</span></div></div> <div class=\\"row\\"><div></div> <div><i>unpublished</i></div> <div><span><table border=\\"1\\"><tr><td><i>map</i></td> <td><i>image</i></td></tr> <tr><td colspan=\\"2\\" style=\\"text-align: center;\\"><i>show_chart</i></td></tr></table></span><!--<HorizontalLayoutIcon>--></div></div><!--<SubItemLabel>--><!--<ItemCheckbox>--> <div class=\\"row\\"><label class=\\"checkbox\\"><input type=\\"checkbox\\" name=\\"targets\\" value=\\"chart\\"> <span></span></label> <div><span slot=\\"label\\" class=\\"s-1zY7IsgIXyl5\\">Chart</span></div></div> <div class=\\"row\\"><div></div> <div><i>unpublished</i></div> <div>Line Visible: true</div></div><!--<SubItemLabel>--> <div class=\\"row\\"><div></div> <div><i>unpublished</i></div> <div>Line Width: 3</div></div><!--<SubItemLabel>--> <div class=\\"row\\"><div></div> <div><i>unpublished</i></div> <div>Point Visible: true</div></div><!--<SubItemLabel>--> <div class=\\"row\\"><div></div> <div><i>unpublished</i></div> <div>Point Size: 3</div></div><!--<SubItemLabel>--> <div class=\\"row\\"><div></div> <div><i>unpublished</i></div> <div>Minimum Width: 300</div></div><!--<SubItemLabel>--> <div class=\\"row\\"><div></div> <div><i>unpublished</i></div> <div>Minimum Height: 200</div></div><!--<SubItemLabel>--><!--<ItemCheckbox>--></fieldset><!--<ServerItemFieldset>--></article> <nav class=\\"s-SP6a6zB3FASK\\"><button type=\\"submit\\" class=\\"s-SP6a6zB3FASK\\">Upload</button> <button type=\\"button\\" class=\\"s-SP6a6zB3FASK\\">Cancel</button></nav>"
`;

exports[`UploadSettingForm.svelt > upload > update 3`] = `
"<div style=\\"display: none;\\"></div> <div class=\\"field label\\"><input type=\\"text\\" name=\\"name\\" id=\\"setting-name\\"> <label for=\\"setting-name\\">name</label> <span class=\\"helper\\">未登録の名前。新たな設定として登録されます。</span></div><!--<UploadNameInput>--><!--<ValidationMessage>--> <div style=\\"display: none;\\"></div> <div class=\\"field label s-SP6a6zB3FASK\\"><input type=\\"text\\" name=\\"comment\\" id=\\"setting-comment\\" class=\\"s-SP6a6zB3FASK\\"> <label for=\\"setting-comment\\" class=\\"s-SP6a6zB3FASK\\">comment</label> <span class=\\"error s-SP6a6zB3FASK\\"></span></div><!--<ValidationMessage>--> <article class=\\"setting-fieldset scroll s-SP6a6zB3FASK\\"><fieldset aria-label=\\"target list of settings\\" class=\\"s-1zY7IsgIXyl5\\"><div class=\\"row\\"><label class=\\"checkbox\\"><input type=\\"checkbox\\" name=\\"targets\\" value=\\"player\\"> <span></span></label> <div><span slot=\\"label\\" class=\\"s-1zY7IsgIXyl5\\">Playback</span></div></div> <div class=\\"row\\"><div></div> <label class=\\"checkbox\\"><input type=\\"checkbox\\" name=\\"targets\\" value=\\"player.from\\" aria-label=\\"player.from\\"> <span></span></label> <div>From / To:
        \\"2023-02-01 00:00\\" ---
        \\"2023-02-03 14:30\\"</div></div><!--<SubItemCheckbox>--> <div class=\\"row\\"><div></div> <div><i>unpublished</i></div> <div>Refresh Interval: 1200</div></div><!--<SubItemLabel>--> <div class=\\"row\\"><div></div> <div><i>unpublished</i></div> <div>Resolution: 10</div></div><!--<SubItemLabel>--> <div class=\\"row\\"><div></div> <div><i>unpublished</i></div> <div>Repeat: false</div></div><!--<SubItemLabel>--><!--<ItemCheckbox>--> <div class=\\"row\\"><label class=\\"checkbox\\"><input type=\\"checkbox\\" name=\\"targets\\" value=\\"android\\"> <span></span></label> <div><span slot=\\"label\\" class=\\"s-1zY7IsgIXyl5\\">Android Sensors</span></div></div> <div class=\\"row\\"><div></div> <label class=\\"checkbox\\"><input type=\\"checkbox\\" name=\\"targets\\" value=\\"android.publisher\\" disabled=\\"\\" aria-label=\\"android.publisher\\"> <span></span></label> <div>Publisher: \\"pub-1\\"</div></div><!--<SubItemCheckbox>--> <div class=\\"row\\"><div></div> <div><i>check_circle</i></div> <div>Map: true</div></div><!--<SubItemLabel>--> <div class=\\"row\\"><div></div> <div><i>check_circle</i></div> <div>LTE Chart: true</div></div><!--<SubItemLabel>--> <div class=\\"row\\"><div></div> <div><i>check_circle</i></div> <div>Sensors: []</div></div><!--<SubItemLabel>--><!--<ItemCheckbox>--> <div class=\\"row\\"><label class=\\"checkbox\\"><input type=\\"checkbox\\" name=\\"targets\\" value=\\"image\\"> <span></span></label> <div><span slot=\\"label\\" class=\\"s-1zY7IsgIXyl5\\">Raspberry Pi Camera</span></div></div> <div class=\\"row\\"><div></div> <label class=\\"checkbox\\"><input type=\\"checkbox\\" name=\\"targets\\" value=\\"image.topic\\" disabled=\\"\\" aria-label=\\"image.topic\\"> <span></span></label> <div>Topic Name: \\"topic-1\\"</div></div><!--<SubItemCheckbox>--> <div class=\\"row\\"><div></div> <div><i>check_circle</i></div> <div>Visible: true</div></div><!--<SubItemLabel>--> <div class=\\"row\\"><div></div> <div><i>check_circle</i></div> <div>Update Method: \\"push\\"</div></div><!--<SubItemLabel>--><!--<ItemCheckbox>--> <div class=\\"row\\"><label class=\\"checkbox\\"><input type=\\"checkbox\\" name=\\"targets\\" value=\\"perftool\\"> <span></span></label> <div><span slot=\\"label\\" class=\\"s-1zY7IsgIXyl5\\">Perftool</span></div></div> <div class=\\"row\\"><div></div> <label class=\\"checkbox\\"><input type=\\"checkbox\\" name=\\"targets\\" value=\\"perftool.name\\" disabled=\\"\\" aria-label=\\"perftool.name\\"> <span></span></label> <div>Perftool Name: \\"perf-1\\"</div></div><!--<SubItemCheckbox>--> <div class=\\"row\\"><div></div> <div><i>check_circle</i></div> <div>Visible: true</div></div><!--<SubItemLabel>--><!--<ItemCheckbox>--> <div class=\\"row\\"><label class=\\"checkbox\\"><input type=\\"checkbox\\" name=\\"targets\\" value=\\"layout\\"> <span></span></label> <div><span slot=\\"label\\" class=\\"s-1zY7IsgIXyl5\\">Layout</span></div></div> <div class=\\"row\\"><div></div> <div><i>unpublished</i></div> <div><span><table border=\\"1\\"><tr><td><i>map</i></td> <td><i>image</i></td></tr> <tr><td colspan=\\"2\\" style=\\"text-align: center;\\"><i>show_chart</i></td></tr></table></span><!--<HorizontalLayoutIcon>--></div></div><!--<SubItemLabel>--><!--<ItemCheckbox>--> <div class=\\"row\\"><label class=\\"checkbox\\"><input type=\\"checkbox\\" name=\\"targets\\" value=\\"chart\\"> <span></span></label> <div><span slot=\\"label\\" class=\\"s-1zY7IsgIXyl5\\">Chart</span></div></div> <div class=\\"row\\"><div></div> <div><i>unpublished</i></div> <div>Line Visible: true</div></div><!--<SubItemLabel>--> <div class=\\"row\\"><div></div> <div><i>unpublished</i></div> <div>Line Width: 3</div></div><!--<SubItemLabel>--> <div class=\\"row\\"><div></div> <div><i>unpublished</i></div> <div>Point Visible: true</div></div><!--<SubItemLabel>--> <div class=\\"row\\"><div></div> <div><i>unpublished</i></div> <div>Point Size: 3</div></div><!--<SubItemLabel>--> <div class=\\"row\\"><div></div> <div><i>unpublished</i></div> <div>Minimum Width: 300</div></div><!--<SubItemLabel>--> <div class=\\"row\\"><div></div> <div><i>unpublished</i></div> <div>Minimum Height: 200</div></div><!--<SubItemLabel>--><!--<ItemCheckbox>--></fieldset><!--<ServerItemFieldset>--></article> <nav class=\\"s-SP6a6zB3FASK\\"><button type=\\"submit\\" class=\\"s-SP6a6zB3FASK\\">Upload</button> <button type=\\"button\\" class=\\"s-SP6a6zB3FASK\\">Cancel</button></nav>"
`;
